Requires 3 or 4 arguments: filepath, width, height, <optional: algorithm>. Filepath must point to an 8-bit grayscale image. Algorithm parameter is defined as:
0 (default): ALL
1: NONE
2: NAIVE
3: TWO_STEP
4: LOUFFLER_FLOAT
