Input:
Region 0:
0061 0062 0063 0064 0065 0066 0067 0068
0031 0032 0033 0034 0035 0036 0037 0038
0041 0042 0043 0044 0045 0046 0047 0048
0031 0032 0033 0034 0035 0036 0037 0038
002d 003d 002d 003d 002d 003d 002d 003d
0026 0026 007c 007c 0026 0026 007c 007c
002a 002f 002a 002f 002a 002f 002a 002f
0028 0029 0028 0029 0028 0029 0028 0029

Two-step implementation:
Region 0:
01ed ffe5 0000 ffdc 0000 0012 0000 fff9
0053 0005 0000 001a 0000 fff0 0000 0003
0012 000a 0000 0014 0000 fff7 0000 0006
0056 ffeb 0000 ffd1 0000 001d 0000 ffff
0000 000f 0000 0020 0000 ffe8 0000 fff7
0020 0004 0000 000a 0000 fffc 0000 0005
0058 ffec 0000 ffd6 0000 001f 0000 000b
fffc 0012 0000 0024 0000 ffe2 0000 fff1
